// Jest Snapshot v1, https://goo.gl/fbAQLP

exports[`Pruebas en <LoginScreen/> debe de mostrarase correctamente 1`] = `
<div>
  <h3
    className="auth__title"
  >
    ChiroNotes 
    <i
      className=" far fa-edit"
    />
  </h3>
  <form
    className="animate__animated animate__fadeIn animate__faster"
    onSubmit={[Function]}
  >
    <input
      autoComplete="off"
      className="auth__input"
      name="email"
      onChange={[Function]}
      placeholder="Email"
      type="text"
      value=""
    />
    <input
      className="auth__input"
      name="password"
      onChange={[Function]}
      placeholder="Contraseña"
      type="password"
      value=""
    />
    <div
      className="auth__checkbox"
    >
      <p
        className="auth__show-passwd"
      >
        Mostrar contraseña
      </p>
      <input
        onChange={[Function]}
        type="checkbox"
      />
    </div>
    <button
      className="btn btn-primary btn-block"
      type="submit"
    >
      Ingresar 
      <i
        className=" icons fas fa-arrow-right"
      />
    </button>
    <div
      className="auth__social-networks"
    >
      <p>
        <b />
      </p>
      <div
        className="google-btn"
        onClick={[Function]}
      >
        <div
          className="google-icon-wrapper"
        >
          <img
            alt="google button"
            className="google-icon"
            src="https://upload.wikimedia.org/wikipedia/commons/5/53/Google_%22G%22_Logo.svg"
          />
        </div>
        <p
          className="btn-text"
        >
          <b>
            Ingresa con google
          </b>
        </p>
      </div>
    </div>
    <a
      className="link"
      href="/auth/register"
      onClick={[Function]}
    >
      Crear una cuenta nueva 
      <i
        className="icons fa fa-angle-double-right"
      />
    </a>
  </form>
</div>
`;
